========= COMPUTE-SANITIZER
{"case":"signed-minimal","api":"range","cub_version":300600,"n":4,"bins":4,"sample_bytes":1,"signed":true,"count_bytes":4,"correct":true,"guards":true,"count":4,"expected_count":4,"workspace_bytes":767}
{"case":"empty","api":"range","cub_version":300600,"n":0,"bins":2,"sample_bytes":1,"signed":true,"count_bytes":4,"correct":true,"guards":true,"count":0,"expected_count":0,"workspace_bytes":511}
{"case":"endpoints","api":"range","cub_version":300600,"n":7,"bins":4,"sample_bytes":1,"signed":true,"count_bytes":4,"correct":true,"guards":true,"count":7,"expected_count":7,"workspace_bytes":767}
{"case":"int8-bin-boundary-127","api":"range","cub_version":300600,"n":256,"bins":127,"sample_bytes":1,"signed":true,"count_bytes":4,"correct":true,"guards":true,"count":127,"expected_count":127,"workspace_bytes":1023}
{"case":"uint8-bin-boundary-127","api":"range","cub_version":300600,"n":256,"bins":127,"sample_bytes":1,"signed":false,"count_bytes":4,"correct":true,"guards":true,"count":127,"expected_count":127,"workspace_bytes":1535}
{"case":"int8-bin-boundary-128","api":"range","cub_version":300600,"n":256,"bins":128,"sample_bytes":1,"signed":true,"count_bytes":4,"correct":true,"guards":true,"count":128,"expected_count":128,"workspace_bytes":1023}
{"case":"uint8-bin-boundary-128","api":"range","cub_version":300600,"n":256,"bins":128,"sample_bytes":1,"signed":false,"count_bytes":4,"correct":true,"guards":true,"count":128,"expected_count":128,"workspace_bytes":1535}
{"case":"int8-bin-boundary-129","api":"range","cub_version":300600,"n":256,"bins":129,"sample_bytes":1,"signed":true,"count_bytes":4,"correct":true,"guards":true,"count":129,"expected_count":129,"workspace_bytes":1279}
{"case":"uint8-bin-boundary-129","api":"range","cub_version":300600,"n":256,"bins":129,"sample_bytes":1,"signed":false,"count_bytes":4,"correct":true,"guards":true,"count":129,"expected_count":129,"workspace_bytes":1535}
{"case":"int8-bin-boundary-255","api":"range","cub_version":300600,"n":256,"bins":255,"sample_bytes":1,"signed":true,"count_bytes":4,"correct":true,"guards":true,"count":255,"expected_count":255,"workspace_bytes":1535}
{"case":"uint8-bin-boundary-255","api":"range","cub_version":300600,"n":256,"bins":255,"sample_bytes":1,"signed":false,"count_bytes":4,"correct":true,"guards":true,"count":255,"expected_count":255,"workspace_bytes":1535}
{"case":"int8-bin-boundary-256","api":"range","cub_version":300600,"n":256,"bins":256,"sample_bytes":1,"signed":true,"count_bytes":4,"correct":true,"guards":true,"count":256,"expected_count":256,"workspace_bytes":1535}
{"case":"uint8-bin-boundary-256","api":"range","cub_version":300600,"n":256,"bins":256,"sample_bytes":1,"signed":false,"count_bytes":4,"correct":true,"guards":true,"count":256,"expected_count":256,"workspace_bytes":1535}
{"case":"int8-bin-boundary-257","api":"range","cub_version":300600,"n":256,"bins":257,"sample_bytes":1,"signed":true,"count_bytes":4,"correct":true,"guards":true,"count":256,"expected_count":256,"workspace_bytes":1791}
{"case":"uint8-bin-boundary-257","api":"range","cub_version":300600,"n":256,"bins":257,"sample_bytes":1,"signed":false,"count_bytes":4,"correct":true,"guards":true,"count":256,"expected_count":256,"workspace_bytes":1535}
{"case":"int16-full-domain","api":"range","cub_version":300600,"n":65536,"bins":65536,"sample_bytes":2,"signed":true,"count_bytes":4,"correct":true,"guards":true,"count":65536,"expected_count":65536,"workspace_bytes":2884095}
{"case":"int32-outside","api":"range","cub_version":300600,"n":7,"bins":4,"sample_bytes":4,"signed":true,"count_bytes":4,"correct":true,"guards":true,"count":4,"expected_count":4,"workspace_bytes":767}
{"case":"wide-counter","api":"range","cub_version":300600,"n":256,"bins":256,"sample_bytes":1,"signed":true,"count_bytes":8,"correct":true,"guards":true,"count":256,"expected_count":256,"workspace_bytes":2559}
{"case":"plain-char","api":"range","cub_version":300600,"n":64,"bins":64,"sample_bytes":1,"signed":true,"count_bytes":4,"correct":true,"guards":true,"count":64,"expected_count":64,"workspace_bytes":767}
{"case":"signed-minimal","api":"even","cub_version":300600,"n":4,"bins":4,"sample_bytes":1,"signed":true,"count_bytes":4,"correct":true,"guards":true,"count":4,"expected_count":4,"workspace_bytes":767}
{"case":"empty","api":"even","cub_version":300600,"n":0,"bins":2,"sample_bytes":1,"signed":true,"count_bytes":4,"correct":true,"guards":true,"count":0,"expected_count":0,"workspace_bytes":511}
{"case":"endpoints","api":"even","cub_version":300600,"n":7,"bins":4,"sample_bytes":1,"signed":true,"count_bytes":4,"correct":true,"guards":true,"count":7,"expected_count":7,"workspace_bytes":767}
{"case":"int8-bin-boundary-127","api":"even","cub_version":300600,"n":256,"bins":127,"sample_bytes":1,"signed":true,"count_bytes":4,"correct":true,"guards":true,"count":127,"expected_count":127,"workspace_bytes":1023}
{"case":"uint8-bin-boundary-127","api":"even","cub_version":300600,"n":256,"bins":127,"sample_bytes":1,"signed":false,"count_bytes":4,"correct":true,"guards":true,"count":127,"expected_count":127,"workspace_bytes":1535}
{"case":"int8-bin-boundary-128","api":"even","cub_version":300600,"n":256,"bins":128,"sample_bytes":1,"signed":true,"count_bytes":4,"correct":true,"guards":true,"count":128,"expected_count":128,"workspace_bytes":1023}
{"case":"uint8-bin-boundary-128","api":"even","cub_version":300600,"n":256,"bins":128,"sample_bytes":1,"signed":false,"count_bytes":4,"correct":true,"guards":true,"count":128,"expected_count":128,"workspace_bytes":1535}
{"case":"int8-bin-boundary-129","api":"even","cub_version":300600,"n":256,"bins":129,"sample_bytes":1,"signed":true,"count_bytes":4,"correct":true,"guards":true,"count":129,"expected_count":129,"workspace_bytes":1279}
{"case":"uint8-bin-boundary-129","api":"even","cub_version":300600,"n":256,"bins":129,"sample_bytes":1,"signed":false,"count_bytes":4,"correct":true,"guards":true,"count":129,"expected_count":129,"workspace_bytes":1535}
{"case":"int8-bin-boundary-255","api":"even","cub_version":300600,"n":256,"bins":255,"sample_bytes":1,"signed":true,"count_bytes":4,"correct":true,"guards":true,"count":255,"expected_count":255,"workspace_bytes":1535}
{"case":"uint8-bin-boundary-255","api":"even","cub_version":300600,"n":256,"bins":255,"sample_bytes":1,"signed":false,"count_bytes":4,"correct":true,"guards":true,"count":255,"expected_count":255,"workspace_bytes":1535}
{"case":"int8-bin-boundary-256","api":"even","cub_version":300600,"n":256,"bins":256,"sample_bytes":1,"signed":true,"count_bytes":4,"correct":true,"guards":true,"count":256,"expected_count":256,"workspace_bytes":1535}
{"case":"uint8-bin-boundary-256","api":"even","cub_version":300600,"n":256,"bins":256,"sample_bytes":1,"signed":false,"count_bytes":4,"correct":true,"guards":true,"count":256,"expected_count":256,"workspace_bytes":1535}
{"case":"int8-bin-boundary-257","api":"even","cub_version":300600,"n":256,"bins":257,"sample_bytes":1,"signed":true,"count_bytes":4,"correct":true,"guards":true,"count":256,"expected_count":256,"workspace_bytes":1791}
{"case":"uint8-bin-boundary-257","api":"even","cub_version":300600,"n":256,"bins":257,"sample_bytes":1,"signed":false,"count_bytes":4,"correct":true,"guards":true,"count":256,"expected_count":256,"workspace_bytes":1535}
{"case":"int16-full-domain","api":"even","cub_version":300600,"n":65536,"bins":65536,"sample_bytes":2,"signed":true,"count_bytes":4,"correct":true,"guards":true,"count":65536,"expected_count":65536,"workspace_bytes":2884095}
{"case":"int32-outside","api":"even","cub_version":300600,"n":7,"bins":4,"sample_bytes":4,"signed":true,"count_bytes":4,"correct":true,"guards":true,"count":4,"expected_count":4,"workspace_bytes":767}
{"case":"wide-counter","api":"even","cub_version":300600,"n":256,"bins":256,"sample_bytes":1,"signed":true,"count_bytes":8,"correct":true,"guards":true,"count":256,"expected_count":256,"workspace_bytes":2559}
{"case":"plain-char","api":"even","cub_version":300600,"n":64,"bins":64,"sample_bytes":1,"signed":true,"count_bytes":4,"correct":true,"guards":true,"count":64,"expected_count":64,"workspace_bytes":767}
========= RACECHECK SUMMARY: 0 hazards displayed (0 errors, 0 warnings)
